[debug] [2026-07-07T00:45:11.945Z] ----------------------------------------------------------------------
[debug] [2026-07-07T00:45:11.951Z] Command:       C:\Program Files\nodejs\node.exe C:\Users\Usuario\AppData\Roaming\npm\node_modules\firebase-tools\lib\bin\firebase.js database:update /alarmas/alarma001 --project alarma-esp32-abc0c --data {"adminUid":"aAb5QLClBZPAwyH72gP2mcg1mzv2"}
[debug] [2026-07-07T00:45:11.953Z] CLI Version:   15.22.4
[debug] [2026-07-07T00:45:11.954Z] Platform:      win32
[debug] [2026-07-07T00:45:11.954Z] Node Version:  v24.18.0
[debug] [2026-07-07T00:45:11.955Z] Detected Agent: github_copilot_vscode_agent
[debug] [2026-07-07T00:45:11.956Z] Time:          Mon Jul 06 2026 21:45:11 GMT-0300 (hora estándar de Argentina)
[debug] [2026-07-07T00:45:11.957Z] ----------------------------------------------------------------------
[debug] 
[debug] [2026-07-07T00:45:14.605Z] > command requires scopes: ["email","openid","https://www.googleapis.com/auth/cloudplatformprojects.readonly","https://www.googleapis.com/auth/firebase","https://www.googleapis.com/auth/cloud-platform"]
[debug] [2026-07-07T00:45:14.605Z] > authorizing via signed-in user (bochatayfranco1702@gmail.com)
[debug] [2026-07-07T00:45:14.605Z] [iam] checking project alarma-esp32-abc0c for permissions ["firebase.projects.get","firebasedatabase.instances.update"]
[debug] [2026-07-07T00:45:14.607Z] Checked if tokens are valid: true, expires at: 1783387279264
[debug] [2026-07-07T00:45:14.607Z] Checked if tokens are valid: true, expires at: 1783387279264
[debug] [2026-07-07T00:45:14.608Z] >>> [apiv2][query] POST https://cloudresourcemanager.googleapis.com/v1/projects/alarma-esp32-abc0c:testIamPermissions [none]
[debug] [2026-07-07T00:45:14.609Z] >>> [apiv2][(partial)header] POST https://cloudresourcemanager.googleapis.com/v1/projects/alarma-esp32-abc0c:testIamPermissions  x-goog-user-project=alarma-esp32-abc0c
[debug] [2026-07-07T00:45:14.609Z] >>> [apiv2][body] POST https://cloudresourcemanager.googleapis.com/v1/projects/alarma-esp32-abc0c:testIamPermissions {"permissions":["firebase.projects.get","firebasedatabase.instances.update"]}
[debug] [2026-07-07T00:45:15.704Z] <<< [apiv2][status] POST https://cloudresourcemanager.googleapis.com/v1/projects/alarma-esp32-abc0c:testIamPermissions 200
[debug] [2026-07-07T00:45:15.704Z] <<< [apiv2][body] POST https://cloudresourcemanager.googleapis.com/v1/projects/alarma-esp32-abc0c:testIamPermissions {"permissions":["firebase.projects.get","firebasedatabase.instances.update"]}
[debug] [2026-07-07T00:45:15.705Z] Checked if tokens are valid: true, expires at: 1783387279264
[debug] [2026-07-07T00:45:15.705Z] Checked if tokens are valid: true, expires at: 1783387279264
[debug] [2026-07-07T00:45:15.705Z] >>> [apiv2][query] GET https://firebase.googleapis.com/v1beta1/projects/alarma-esp32-abc0c [none]
[debug] [2026-07-07T00:45:16.141Z] <<< [apiv2][status] GET https://firebase.googleapis.com/v1beta1/projects/alarma-esp32-abc0c 200
[debug] [2026-07-07T00:45:16.141Z] <<< [apiv2][body] GET https://firebase.googleapis.com/v1beta1/projects/alarma-esp32-abc0c {"projectId":"alarma-esp32-abc0c","projectNumber":"341792347405","displayName":"alarma esp32","name":"projects/alarma-esp32-abc0c","resources":{"hostingSite":"alarma-esp32-abc0c","realtimeDatabaseInstance":"alarma-esp32-abc0c-default-rtdb"},"state":"ACTIVE","labels":{"firebase":"enabled","firebase/storage-default-bucket":"created"},"etag":"1_3ed19f28-677c-4c1e-97b6-d980c9928b67"}
[debug] [2026-07-07T00:45:16.141Z] Checked if tokens are valid: true, expires at: 1783387279264
[debug] [2026-07-07T00:45:16.141Z] Checked if tokens are valid: true, expires at: 1783387279264
[debug] [2026-07-07T00:45:16.142Z] >>> [apiv2][query] GET https://firebasedatabase.googleapis.com/v1beta/projects/alarma-esp32-abc0c/locations/-/instances/alarma-esp32-abc0c-default-rtdb [none]
[debug] [2026-07-07T00:45:17.399Z] <<< [apiv2][status] GET https://firebasedatabase.googleapis.com/v1beta/projects/alarma-esp32-abc0c/locations/-/instances/alarma-esp32-abc0c-default-rtdb 200
[debug] [2026-07-07T00:45:17.399Z] <<< [apiv2][body] GET https://firebasedatabase.googleapis.com/v1beta/projects/alarma-esp32-abc0c/locations/-/instances/alarma-esp32-abc0c-default-rtdb {"name":"projects/341792347405/locations/us-central1/instances/alarma-esp32-abc0c-default-rtdb","project":"projects/341792347405","databaseUrl":"https://alarma-esp32-abc0c-default-rtdb.firebaseio.com","type":"DEFAULT_DATABASE","state":"ACTIVE"}
